
Loading design for application trce from file mult4bit00_mult4bit00.ncd.
Design name: mult4bit00
NCD version: 3.3
Vendor:      LATTICE
Device:      LCMXO2-7000HE
Package:     TQFP144
Performance: 5
Loading device for application trce from file 'xo2c7000.nph' in environment: C:/lscc/diamond/3.11_x64/ispfpga.
Package Status:                     Final          Version 1.39.
Performance Hardware Data Status:   Final          Version 34.4.
Setup and Hold Report

--------------------------------------------------------------------------------
Lattice TRACE Report - Setup, Version Diamond (64-bit) 3.11.0.396.4
Tue Aug 27 10:51:37 2019

Copyright (c) 1991-1994 by NeoCAD Inc. All rights reserved.
Copyright (c) 1995 AT&T Corp.   All rights reserved.
Copyright (c) 1995-2001 Lucent Technologies Inc.  All rights reserved.
Copyright (c) 2001 Agere Systems   All rights reserved.
Copyright (c) 2002-2019 Lattice Semiconductor Corporation,  All rights reserved.

Report Information
------------------
Command line:    trce -v 10 -gt -sethld -sp 5 -sphld m -o mult4bit00_mult4bit00.twr -gui -msgset C:/Users/martin/Desktop/Arqui3cm2/PrimerParcial/project3CM2/mult4bit00/promote.xml mult4bit00_mult4bit00.ncd mult4bit00_mult4bit00.prf 
Design file:     mult4bit00_mult4bit00.ncd
Preference file: mult4bit00_mult4bit00.prf
Device,speed:    LCMXO2-7000HE,5
Report level:    verbose report, limited to 10 items per preference
--------------------------------------------------------------------------------

BLOCK ASYNCPATHS
BLOCK RESETPATHS
--------------------------------------------------------------------------------



================================================================================
Preference: Default path enumeration
            594 items scored, 0 timing errors detected.
--------------------------------------------------------------------------------

Report:   20.727ns delay Ami[2] to Rmo[6]

   Name    Fanout   Delay (ns)          Site               Resource
PADI_DEL    ---     1.372          6.PAD to        6.PADDI Ami[2]
ROUTE         8     4.189        6.PADDI to     R16C15C.B1 Ami_c[2]
CTOF_DEL    ---     0.452     R16C15C.B1 to     R16C15C.F1 SLICE_12
ROUTE         1     0.579     R16C15C.F1 to     R16C15D.A0 S0[1]
CTOF_DEL    ---     0.452     R16C15D.A0 to     R16C15D.F0 SLICE_0
ROUTE         2     0.618     R16C15D.F0 to     R16C15B.B1 S2[1]
CTOF_DEL    ---     0.452     R16C15B.B1 to     R16C15B.F1 SLICE_9
ROUTE         2     0.392     R16C15B.F1 to     R16C15B.C0 S3[1]
CTOF_DEL    ---     0.452     R16C15B.C0 to     R16C15B.F0 SLICE_9
ROUTE         2     1.299     R16C15B.F0 to     R17C16A.D1 MU17.Sint1
CTOF_DEL    ---     0.452     R17C16A.D1 to     R17C16A.F1 SLICE_4
ROUTE         2     0.893     R17C16A.F1 to     R17C16D.B1 S8[0]
CTOF_DEL    ---     0.452     R17C16D.B1 to     R17C16D.F1 SLICE_3
ROUTE         2     0.859     R17C16D.F1 to     R16C16A.A1 S8[1]
CTOF_DEL    ---     0.452     R16C16A.A1 to     R16C16A.F1 SLICE_2
ROUTE         2     0.618     R16C16A.F1 to     R16C16A.B0 S8[2]
CTOF_DEL    ---     0.452     R16C16A.B0 to     R16C16A.F0 SLICE_2
ROUTE         1     2.844     R16C16A.F0 to       57.PADDO Rmo_c[6]
DOPAD_DEL   ---     3.448       57.PADDO to         57.PAD Rmo[6]
                  --------
                   20.727   (40.7% logic, 59.3% route), 10 logic levels.

Report:   20.727ns delay Ami[2] to Rmo[7]

   Name    Fanout   Delay (ns)          Site               Resource
PADI_DEL    ---     1.372          6.PAD to        6.PADDI Ami[2]
ROUTE         8     4.189        6.PADDI to     R16C15C.B1 Ami_c[2]
CTOF_DEL    ---     0.452     R16C15C.B1 to     R16C15C.F1 SLICE_12
ROUTE         1     0.579     R16C15C.F1 to     R16C15D.A0 S0[1]
CTOF_DEL    ---     0.452     R16C15D.A0 to     R16C15D.F0 SLICE_0
ROUTE         2     0.618     R16C15D.F0 to     R16C15B.B1 S2[1]
CTOF_DEL    ---     0.452     R16C15B.B1 to     R16C15B.F1 SLICE_9
ROUTE         2     0.392     R16C15B.F1 to     R16C15B.C0 S3[1]
CTOF_DEL    ---     0.452     R16C15B.C0 to     R16C15B.F0 SLICE_9
ROUTE         2     1.299     R16C15B.F0 to     R17C16A.D1 MU17.Sint1
CTOF_DEL    ---     0.452     R17C16A.D1 to     R17C16A.F1 SLICE_4
ROUTE         2     0.893     R17C16A.F1 to     R17C16D.B1 S8[0]
CTOF_DEL    ---     0.452     R17C16D.B1 to     R17C16D.F1 SLICE_3
ROUTE         2     0.859     R17C16D.F1 to     R16C16A.A1 S8[1]
CTOF_DEL    ---     0.452     R16C16A.A1 to     R16C16A.F1 SLICE_2
ROUTE         2     0.618     R16C16A.F1 to     R16C16C.B0 S8[2]
CTOF_DEL    ---     0.452     R16C16C.B0 to     R16C16C.F0 SLICE_1
ROUTE         1     2.844     R16C16C.F0 to       59.PADDO Rmo_c[7]
DOPAD_DEL   ---     3.448       59.PADDO to         59.PAD Rmo[7]
                  --------
                   20.727   (40.7% logic, 59.3% route), 10 logic levels.

Report:   20.275ns delay Ami[2] to Rmo[6]

   Name    Fanout   Delay (ns)          Site               Resource
PADI_DEL    ---     1.372          6.PAD to        6.PADDI Ami[2]
ROUTE         8     4.189        6.PADDI to     R16C15C.B1 Ami_c[2]
CTOF_DEL    ---     0.452     R16C15C.B1 to     R16C15C.F1 SLICE_12
ROUTE         1     0.579     R16C15C.F1 to     R16C15D.A0 S0[1]
CTOF_DEL    ---     0.452     R16C15D.A0 to     R16C15D.F0 SLICE_0
ROUTE         2     0.618     R16C15D.F0 to     R16C15B.B1 S2[1]
CTOF_DEL    ---     0.452     R16C15B.B1 to     R16C15B.F1 SLICE_9
ROUTE         2     0.859     R16C15B.F1 to     R16C16B.A1 S3[1]
CTOF_DEL    ---     0.452     R16C16B.A1 to     R16C16B.F1 SLICE_7
ROUTE         2     0.392     R16C16B.F1 to     R16C16B.C0 S5[1]
CTOF_DEL    ---     0.452     R16C16B.C0 to     R16C16B.F0 SLICE_7
ROUTE         2     0.881     R16C16B.F0 to     R17C16D.A1 S6[1]
CTOF_DEL    ---     0.452     R17C16D.A1 to     R17C16D.F1 SLICE_3
ROUTE         2     0.859     R17C16D.F1 to     R16C16A.A1 S8[1]
CTOF_DEL    ---     0.452     R16C16A.A1 to     R16C16A.F1 SLICE_2
ROUTE         2     0.618     R16C16A.F1 to     R16C16A.B0 S8[2]
CTOF_DEL    ---     0.452     R16C16A.B0 to     R16C16A.F0 SLICE_2
ROUTE         1     2.844     R16C16A.F0 to       57.PADDO Rmo_c[6]
DOPAD_DEL   ---     3.448       57.PADDO to         57.PAD Rmo[6]
                  --------
                   20.275   (41.6% logic, 58.4% route), 10 logic levels.

Report:   20.275ns delay Ami[2] to Rmo[7]

   Name    Fanout   Delay (ns)          Site               Resource
PADI_DEL    ---     1.372          6.PAD to        6.PADDI Ami[2]
ROUTE         8     4.189        6.PADDI to     R16C15C.B1 Ami_c[2]
CTOF_DEL    ---     0.452     R16C15C.B1 to     R16C15C.F1 SLICE_12
ROUTE         1     0.579     R16C15C.F1 to     R16C15D.A0 S0[1]
CTOF_DEL    ---     0.452     R16C15D.A0 to     R16C15D.F0 SLICE_0
ROUTE         2     0.618     R16C15D.F0 to     R16C15B.B1 S2[1]
CTOF_DEL    ---     0.452     R16C15B.B1 to     R16C15B.F1 SLICE_9
ROUTE         2     0.859     R16C15B.F1 to     R16C16B.A1 S3[1]
CTOF_DEL    ---     0.452     R16C16B.A1 to     R16C16B.F1 SLICE_7
ROUTE         2     0.392     R16C16B.F1 to     R16C16B.C0 S5[1]
CTOF_DEL    ---     0.452     R16C16B.C0 to     R16C16B.F0 SLICE_7
ROUTE         2     0.881     R16C16B.F0 to     R17C16D.A1 S6[1]
CTOF_DEL    ---     0.452     R17C16D.A1 to     R17C16D.F1 SLICE_3
ROUTE         2     0.859     R17C16D.F1 to     R16C16A.A1 S8[1]
CTOF_DEL    ---     0.452     R16C16A.A1 to     R16C16A.F1 SLICE_2
ROUTE         2     0.618     R16C16A.F1 to     R16C16C.B0 S8[2]
CTOF_DEL    ---     0.452     R16C16C.B0 to     R16C16C.F0 SLICE_1
ROUTE         1     2.844     R16C16C.F0 to       59.PADDO Rmo_c[7]
DOPAD_DEL   ---     3.448       59.PADDO to         59.PAD Rmo[7]
                  --------
                   20.275   (41.6% logic, 58.4% route), 10 logic levels.

Report:   20.246ns delay Ami[2] to Rmo[6]

   Name    Fanout   Delay (ns)          Site               Resource
PADI_DEL    ---     1.372          6.PAD to        6.PADDI Ami[2]
ROUTE         8     4.189        6.PADDI to     R16C15C.B1 Ami_c[2]
CTOF_DEL    ---     0.452     R16C15C.B1 to     R16C15C.F1 SLICE_12
ROUTE         1     0.579     R16C15C.F1 to     R16C15D.A0 S0[1]
CTOF_DEL    ---     0.452     R16C15D.A0 to     R16C15D.F0 SLICE_0
ROUTE         2     0.667     R16C15D.F0 to     R16C15A.C1 S2[1]
CTOF_DEL    ---     0.452     R16C15A.C1 to     R16C15A.F1 SLICE_8
ROUTE         3     0.618     R16C15A.F1 to     R16C15A.B0 S2[2]
CTOF_DEL    ---     0.452     R16C15A.B0 to     R16C15A.F0 SLICE_8
ROUTE         2     0.555     R16C15A.F0 to     R16C16B.D0 S3[2]
CTOF_DEL    ---     0.452     R16C16B.D0 to     R16C16B.F0 SLICE_7
ROUTE         2     0.881     R16C16B.F0 to     R17C16D.A1 S6[1]
CTOF_DEL    ---     0.452     R17C16D.A1 to     R17C16D.F1 SLICE_3
ROUTE         2     0.859     R17C16D.F1 to     R16C16A.A1 S8[1]
CTOF_DEL    ---     0.452     R16C16A.A1 to     R16C16A.F1 SLICE_2
ROUTE         2     0.618     R16C16A.F1 to     R16C16A.B0 S8[2]
CTOF_DEL    ---     0.452     R16C16A.B0 to     R16C16A.F0 SLICE_2
ROUTE         1     2.844     R16C16A.F0 to       57.PADDO Rmo_c[6]
DOPAD_DEL   ---     3.448       57.PADDO to         57.PAD Rmo[6]
                  --------
                   20.246   (41.7% logic, 58.3% route), 10 logic levels.

Report:   20.246ns delay Ami[2] to Rmo[7]

   Name    Fanout   Delay (ns)          Site               Resource
PADI_DEL    ---     1.372          6.PAD to        6.PADDI Ami[2]
ROUTE         8     4.189        6.PADDI to     R16C15C.B1 Ami_c[2]
CTOF_DEL    ---     0.452     R16C15C.B1 to     R16C15C.F1 SLICE_12
ROUTE         1     0.579     R16C15C.F1 to     R16C15D.A0 S0[1]
CTOF_DEL    ---     0.452     R16C15D.A0 to     R16C15D.F0 SLICE_0
ROUTE         2     0.667     R16C15D.F0 to     R16C15A.C1 S2[1]
CTOF_DEL    ---     0.452     R16C15A.C1 to     R16C15A.F1 SLICE_8
ROUTE         3     0.618     R16C15A.F1 to     R16C15A.B0 S2[2]
CTOF_DEL    ---     0.452     R16C15A.B0 to     R16C15A.F0 SLICE_8
ROUTE         2     0.555     R16C15A.F0 to     R16C16B.D0 S3[2]
CTOF_DEL    ---     0.452     R16C16B.D0 to     R16C16B.F0 SLICE_7
ROUTE         2     0.881     R16C16B.F0 to     R17C16D.A1 S6[1]
CTOF_DEL    ---     0.452     R17C16D.A1 to     R17C16D.F1 SLICE_3
ROUTE         2     0.859     R17C16D.F1 to     R16C16A.A1 S8[1]
CTOF_DEL    ---     0.452     R16C16A.A1 to     R16C16A.F1 SLICE_2
ROUTE         2     0.618     R16C16A.F1 to     R16C16C.B0 S8[2]
CTOF_DEL    ---     0.452     R16C16C.B0 to     R16C16C.F0 SLICE_1
ROUTE         1     2.844     R16C16C.F0 to       59.PADDO Rmo_c[7]
DOPAD_DEL   ---     3.448       59.PADDO to         59.PAD Rmo[7]
                  --------
                   20.246   (41.7% logic, 58.3% route), 10 logic levels.

Report:   19.685ns delay Ami[2] to Rmo[6]

   Name    Fanout   Delay (ns)          Site               Resource
PADI_DEL    ---     1.372          6.PAD to        6.PADDI Ami[2]
ROUTE         8     4.483        6.PADDI to     R17C15B.A1 Ami_c[2]
CTOF_DEL    ---     0.452     R17C15B.A1 to     R17C15B.F1 SLICE_10
ROUTE         2     0.667     R17C15B.F1 to     R17C15C.C1 MU09.Sint1
CTOF_DEL    ---     0.452     R17C15C.C1 to     R17C15C.F1 SLICE_5
ROUTE         3     0.957     R17C15C.F1 to     R16C16B.D1 S5[0]
CTOF_DEL    ---     0.452     R16C16B.D1 to     R16C16B.F1 SLICE_7
ROUTE         2     0.392     R16C16B.F1 to     R16C16B.C0 S5[1]
CTOF_DEL    ---     0.452     R16C16B.C0 to     R16C16B.F0 SLICE_7
ROUTE         2     0.881     R16C16B.F0 to     R17C16D.A1 S6[1]
CTOF_DEL    ---     0.452     R17C16D.A1 to     R17C16D.F1 SLICE_3
ROUTE         2     0.859     R17C16D.F1 to     R16C16A.A1 S8[1]
CTOF_DEL    ---     0.452     R16C16A.A1 to     R16C16A.F1 SLICE_2
ROUTE         2     0.618     R16C16A.F1 to     R16C16A.B0 S8[2]
CTOF_DEL    ---     0.452     R16C16A.B0 to     R16C16A.F0 SLICE_2
ROUTE         1     2.844     R16C16A.F0 to       57.PADDO Rmo_c[6]
DOPAD_DEL   ---     3.448       57.PADDO to         57.PAD Rmo[6]
                  --------
                   19.685   (40.6% logic, 59.4% route), 9 logic levels.

Report:   19.685ns delay Ami[2] to Rmo[7]

   Name    Fanout   Delay (ns)          Site               Resource
PADI_DEL    ---     1.372          6.PAD to        6.PADDI Ami[2]
ROUTE         8     4.483        6.PADDI to     R17C15B.A1 Ami_c[2]
CTOF_DEL    ---     0.452     R17C15B.A1 to     R17C15B.F1 SLICE_10
ROUTE         2     0.667     R17C15B.F1 to     R17C15C.C1 MU09.Sint1
CTOF_DEL    ---     0.452     R17C15C.C1 to     R17C15C.F1 SLICE_5
ROUTE         3     0.957     R17C15C.F1 to     R16C16B.D1 S5[0]
CTOF_DEL    ---     0.452     R16C16B.D1 to     R16C16B.F1 SLICE_7
ROUTE         2     0.392     R16C16B.F1 to     R16C16B.C0 S5[1]
CTOF_DEL    ---     0.452     R16C16B.C0 to     R16C16B.F0 SLICE_7
ROUTE         2     0.881     R16C16B.F0 to     R17C16D.A1 S6[1]
CTOF_DEL    ---     0.452     R17C16D.A1 to     R17C16D.F1 SLICE_3
ROUTE         2     0.859     R17C16D.F1 to     R16C16A.A1 S8[1]
CTOF_DEL    ---     0.452     R16C16A.A1 to     R16C16A.F1 SLICE_2
ROUTE         2     0.618     R16C16A.F1 to     R16C16C.B0 S8[2]
CTOF_DEL    ---     0.452     R16C16C.B0 to     R16C16C.F0 SLICE_1
ROUTE         1     2.844     R16C16C.F0 to       59.PADDO Rmo_c[7]
DOPAD_DEL   ---     3.448       59.PADDO to         59.PAD Rmo[7]
                  --------
                   19.685   (40.6% logic, 59.4% route), 9 logic levels.

Report:   19.647ns delay Ami[1] to Rmo[6]

   Name    Fanout   Delay (ns)          Site               Resource
PADI_DEL    ---     1.372          9.PAD to        9.PADDI Ami[1]
ROUTE         8     3.296        9.PADDI to     R16C15D.B1 Ami_c[1]
CTOF_DEL    ---     0.452     R16C15D.B1 to     R16C15D.F1 SLICE_0
ROUTE         3     0.392     R16C15D.F1 to     R16C15D.C0 S2[0]
CTOF_DEL    ---     0.452     R16C15D.C0 to     R16C15D.F0 SLICE_0
ROUTE         2     0.618     R16C15D.F0 to     R16C15B.B1 S2[1]
CTOF_DEL    ---     0.452     R16C15B.B1 to     R16C15B.F1 SLICE_9
ROUTE         2     0.392     R16C15B.F1 to     R16C15B.C0 S3[1]
CTOF_DEL    ---     0.452     R16C15B.C0 to     R16C15B.F0 SLICE_9
ROUTE         2     1.299     R16C15B.F0 to     R17C16A.D1 MU17.Sint1
CTOF_DEL    ---     0.452     R17C16A.D1 to     R17C16A.F1 SLICE_4
ROUTE         2     0.893     R17C16A.F1 to     R17C16D.B1 S8[0]
CTOF_DEL    ---     0.452     R17C16D.B1 to     R17C16D.F1 SLICE_3
ROUTE         2     0.859     R17C16D.F1 to     R16C16A.A1 S8[1]
CTOF_DEL    ---     0.452     R16C16A.A1 to     R16C16A.F1 SLICE_2
ROUTE         2     0.618     R16C16A.F1 to     R16C16A.B0 S8[2]
CTOF_DEL    ---     0.452     R16C16A.B0 to     R16C16A.F0 SLICE_2
ROUTE         1     2.844     R16C16A.F0 to       57.PADDO Rmo_c[6]
DOPAD_DEL   ---     3.448       57.PADDO to         57.PAD Rmo[6]
                  --------
                   19.647   (42.9% logic, 57.1% route), 10 logic levels.

Report:   19.647ns delay Ami[1] to Rmo[7]

   Name    Fanout   Delay (ns)          Site               Resource
PADI_DEL    ---     1.372          9.PAD to        9.PADDI Ami[1]
ROUTE         8     3.296        9.PADDI to     R16C15D.B1 Ami_c[1]
CTOF_DEL    ---     0.452     R16C15D.B1 to     R16C15D.F1 SLICE_0
ROUTE         3     0.392     R16C15D.F1 to     R16C15D.C0 S2[0]
CTOF_DEL    ---     0.452     R16C15D.C0 to     R16C15D.F0 SLICE_0
ROUTE         2     0.618     R16C15D.F0 to     R16C15B.B1 S2[1]
CTOF_DEL    ---     0.452     R16C15B.B1 to     R16C15B.F1 SLICE_9
ROUTE         2     0.392     R16C15B.F1 to     R16C15B.C0 S3[1]
CTOF_DEL    ---     0.452     R16C15B.C0 to     R16C15B.F0 SLICE_9
ROUTE         2     1.299     R16C15B.F0 to     R17C16A.D1 MU17.Sint1
CTOF_DEL    ---     0.452     R17C16A.D1 to     R17C16A.F1 SLICE_4
ROUTE         2     0.893     R17C16A.F1 to     R17C16D.B1 S8[0]
CTOF_DEL    ---     0.452     R17C16D.B1 to     R17C16D.F1 SLICE_3
ROUTE         2     0.859     R17C16D.F1 to     R16C16A.A1 S8[1]
CTOF_DEL    ---     0.452     R16C16A.A1 to     R16C16A.F1 SLICE_2
ROUTE         2     0.618     R16C16A.F1 to     R16C16C.B0 S8[2]
CTOF_DEL    ---     0.452     R16C16C.B0 to     R16C16C.F0 SLICE_1
ROUTE         1     2.844     R16C16C.F0 to       59.PADDO Rmo_c[7]
DOPAD_DEL   ---     3.448       59.PADDO to         59.PAD Rmo[7]
                  --------
                   19.647   (42.9% logic, 57.1% route), 10 logic levels.

Report:   20.727ns is the maximum delay for this preference.


================================================================================
Preference: Default net enumeration
            34 items scored, 0 timing errors detected.
--------------------------------------------------------------------------------

Report:    4.508ns maximum delay on Ami_c[2]

           Delays             Connection(s)
           4.189ns          6.PADDI to R16C15C.B1      
           4.483ns          6.PADDI to R17C15B.A1      
           4.508ns          6.PADDI to R16C15B.A1      
           4.189ns          6.PADDI to R16C15A.B1      
           3.785ns          6.PADDI to R16C16B.B0      
           4.147ns          6.PADDI to R16C16D.B1      
           4.147ns          6.PADDI to R17C16D.B0      
           3.456ns          6.PADDI to R16C16A.D1      

Report:    4.429ns maximum delay on Ami_c[0]

           Delays             Connection(s)
           2.929ns         10.PADDI to R17C13B.D1      
           2.929ns         10.PADDI to R17C13B.D0      
           4.429ns         10.PADDI to R17C15B.D0      
           3.631ns         10.PADDI to R17C15C.A1      
           3.631ns         10.PADDI to R17C15C.A0      
           4.010ns         10.PADDI to R17C16A.A1      
           3.050ns         10.PADDI to R16C15D.C1      

Report:    4.191ns maximum delay on Ami_c[1]

           Delays             Connection(s)
           3.240ns          9.PADDI to R17C13B.A0      
           4.105ns          9.PADDI to R17C15B.D1      
           3.615ns          9.PADDI to R16C15B.A0      
           3.675ns          9.PADDI to R16C16B.B1      
           4.191ns          9.PADDI to R17C16A.C0      
           3.841ns          9.PADDI to R17C16D.C1      
           3.296ns          9.PADDI to R16C15D.B1      
           3.296ns          9.PADDI to R16C15D.B0      

Report:    3.831ns maximum delay on Ami_c[3]

           Delays             Connection(s)
           3.831ns          5.PADDI to R16C15C.C0      
           3.831ns          5.PADDI to R16C15A.C0      
           3.750ns          5.PADDI to R16C16D.D0      
           3.750ns          5.PADDI to R16C16A.D0      
           3.750ns          5.PADDI to R16C16C.D1      
           3.750ns          5.PADDI to R16C16C.D0      

Report:    3.676ns maximum delay on Bmi_c[3]

           Delays             Connection(s)
           3.676ns         19.PADDI to R17C15C.D0      
           3.626ns         19.PADDI to R17C16A.B1      
           2.935ns         19.PADDI to R17C16A.D0      
           2.947ns         19.PADDI to R17C16D.D1      
           2.947ns         19.PADDI to R17C16D.D0      
           3.626ns         19.PADDI to R16C16A.B1      
           3.062ns         19.PADDI to R16C16A.C0      
           3.257ns         19.PADDI to R16C16C.A0      

Report:    3.669ns maximum delay on Bmi_c[2]

           Delays             Connection(s)
           3.669ns         20.PADDI to R17C15B.B0      
           3.662ns         20.PADDI to R16C15B.B0      
           3.057ns         20.PADDI to R16C16B.C1      
           3.602ns         20.PADDI to R16C16B.A0      
           3.252ns         20.PADDI to R16C16D.A1      
           3.252ns         20.PADDI to R16C16D.A0      
           3.669ns         20.PADDI to R17C15C.B1      
           3.283ns         20.PADDI to R16C16C.B1      

Report:    3.148ns maximum delay on Bmi_c[1]

           Delays             Connection(s)
           2.968ns         21.PADDI to R17C13B.C0      
           2.939ns         21.PADDI to R17C15B.C1      
           2.838ns         21.PADDI to R16C15B.D1      
           3.148ns         21.PADDI to R16C15A.A1      
           2.838ns         21.PADDI to R16C15A.D0      
           3.148ns         21.PADDI to R16C15D.A1      
           2.474ns         21.PADDI to R16C15D.D0      

Report:    2.844ns maximum delay on Rmo_c[6]

           Delays             Connection(s)
           2.844ns       R16C16A.F0 to 57.PADDO        

Report:    2.844ns maximum delay on Rmo_c[7]

           Delays             Connection(s)
           2.844ns       R16C16C.F0 to 59.PADDO        

Report:    2.755ns maximum delay on Bmi_c[0]

           Delays             Connection(s)
           2.724ns         22.PADDI to R16C15C.A1      
           2.724ns         22.PADDI to R16C15C.A0      
           2.364ns         22.PADDI to R17C13B.B1      
           2.364ns         22.PADDI to R17C13B.B0      
           2.755ns         22.PADDI to R17C15B.B1      
           2.414ns         22.PADDI to R16C15D.D1      

Report:    4.508ns is the maximum delay for this preference.

Report Summary
--------------
----------------------------------------------------------------------------
Preference                              |   Constraint|       Actual|Levels
----------------------------------------------------------------------------
                                        |             |             |
Default path enumeration                |     0.000 ns|    20.727 ns|   0  
                                        |             |             |
Default net enumeration                 |     0.000 ns|     4.508 ns|   0  
                                        |             |             |
----------------------------------------------------------------------------


All preferences were met.


Clock Domains Analysis
------------------------

Found 0 clocks:


Timing summary (Setup):
---------------

Timing errors: 0  Score: 0
Cumulative negative slack: 0

Constraints cover 594 paths, 34 nets, and 104 connections (100.00% coverage)

--------------------------------------------------------------------------------

